// Jest Snapshot v1, https://goo.gl/fbAQLP

exports[`conllufy - adjectives 6120 1`] = `
"absolutėn	absolutny	ADJ	adj.	Case=Nom|Degree=Pos|Gender=Masc|Number=Sing|Variant=Short
absolutny	absolutny	ADJ	adj.	Case=Nom|Degree=Pos|Gender=Masc|Number=Sing
absolutno	absolutny	ADJ	adj.	Case=Nom|Degree=Pos|Gender=Neut|Number=Sing
absolutna	absolutny	ADJ	adj.	Case=Nom|Degree=Pos|Gender=Fem|Number=Sing
absolutnogo	absolutny	ADJ	adj.	Animacy=Anim|Case=Acc|Degree=Pos|Gender=Masc|Number=Sing
absolutny	absolutny	ADJ	adj.	Animacy=Inan|Case=Acc|Degree=Pos|Gender=Masc|Number=Sing
absolutno	absolutny	ADJ	adj.	Case=Acc|Degree=Pos|Gender=Neut|Number=Sing
absolutnų	absolutny	ADJ	adj.	Case=Acc|Degree=Pos|Gender=Fem|Number=Sing
absolutnogo	absolutny	ADJ	adj.	Case=Gen|Degree=Pos|Gender=Masc|Number=Sing
absolutnogo	absolutny	ADJ	adj.	Case=Gen|Degree=Pos|Gender=Neut|Number=Sing
absolutnoj	absolutny	ADJ	adj.	Case=Gen|Degree=Pos|Gender=Fem|Number=Sing
absolutnom	absolutny	ADJ	adj.	Case=Loc|Degree=Pos|Gender=Masc|Number=Sing
absolutnom	absolutny	ADJ	adj.	Case=Loc|Degree=Pos|Gender=Neut|Number=Sing
absolutnoj	absolutny	ADJ	adj.	Case=Loc|Degree=Pos|Gender=Fem|Number=Sing
absolutnomu	absolutny	ADJ	adj.	Case=Dat|Degree=Pos|Gender=Masc|Number=Sing
absolutnomu	absolutny	ADJ	adj.	Case=Dat|Degree=Pos|Gender=Neut|Number=Sing
absolutnoj	absolutny	ADJ	adj.	Case=Dat|Degree=Pos|Gender=Fem|Number=Sing
absolutnym	absolutny	ADJ	adj.	Case=Ins|Degree=Pos|Gender=Masc|Number=Sing
absolutnym	absolutny	ADJ	adj.	Case=Ins|Degree=Pos|Gender=Neut|Number=Sing
absolutnojų	absolutny	ADJ	adj.	Case=Ins|Degree=Pos|Gender=Fem|Number=Sing
absolutni	absolutny	ADJ	adj.	Animacy=Anim|Case=Nom|Degree=Pos|Gender=Masc|Number=Plur
absolutne	absolutny	ADJ	adj.	Animacy=Inan|Case=Nom|Degree=Pos|Gender=Masc|Number=Plur
absolutne	absolutny	ADJ	adj.	Case=Nom|Degree=Pos|Gender=Neut|Number=Plur
absolutne	absolutny	ADJ	adj.	Case=Nom|Degree=Pos|Gender=Fem|Number=Plur
absolutnyh	absolutny	ADJ	adj.	Animacy=Anim|Case=Acc|Degree=Pos|Gender=Masc|Number=Plur
absolutne	absolutny	ADJ	adj.	Animacy=Inan|Case=Acc|Degree=Pos|Gender=Masc|Number=Plur
absolutne	absolutny	ADJ	adj.	Case=Acc|Degree=Pos|Gender=Neut|Number=Plur
absolutne	absolutny	ADJ	adj.	Case=Acc|Degree=Pos|Gender=Fem|Number=Plur
absolutnyh	absolutny	ADJ	adj.	Case=Gen|Degree=Pos|Number=Plur
absolutnyh	absolutny	ADJ	adj.	Case=Loc|Degree=Pos|Number=Plur
absolutnym	absolutny	ADJ	adj.	Case=Dat|Degree=Pos|Number=Plur
absolutnymi	absolutny	ADJ	adj.	Case=Ins|Degree=Pos|Number=Plur"
`;

exports[`conllufy - adjectives 35660 1`] = `
"boljši	boljši	ADJ	adj.comp.	Case=Nom|Degree=Cmp|Gender=Masc|Number=Sing
boljše	boljši	ADJ	adj.comp.	Case=Nom|Degree=Cmp|Gender=Neut|Number=Sing
boljša	boljši	ADJ	adj.comp.	Case=Nom|Degree=Cmp|Gender=Fem|Number=Sing
boljšego	boljši	ADJ	adj.comp.	Animacy=Anim|Case=Acc|Degree=Cmp|Gender=Masc|Number=Sing
boljši	boljši	ADJ	adj.comp.	Animacy=Inan|Case=Acc|Degree=Cmp|Gender=Masc|Number=Sing
boljše	boljši	ADJ	adj.comp.	Case=Acc|Degree=Cmp|Gender=Neut|Number=Sing
boljšų	boljši	ADJ	adj.comp.	Case=Acc|Degree=Cmp|Gender=Fem|Number=Sing
boljšego	boljši	ADJ	adj.comp.	Case=Gen|Degree=Cmp|Gender=Masc|Number=Sing
boljšego	boljši	ADJ	adj.comp.	Case=Gen|Degree=Cmp|Gender=Neut|Number=Sing
boljšej	boljši	ADJ	adj.comp.	Case=Gen|Degree=Cmp|Gender=Fem|Number=Sing
boljšem	boljši	ADJ	adj.comp.	Case=Loc|Degree=Cmp|Gender=Masc|Number=Sing
boljšem	boljši	ADJ	adj.comp.	Case=Loc|Degree=Cmp|Gender=Neut|Number=Sing
boljšej	boljši	ADJ	adj.comp.	Case=Loc|Degree=Cmp|Gender=Fem|Number=Sing
boljšemu	boljši	ADJ	adj.comp.	Case=Dat|Degree=Cmp|Gender=Masc|Number=Sing
boljšemu	boljši	ADJ	adj.comp.	Case=Dat|Degree=Cmp|Gender=Neut|Number=Sing
boljšej	boljši	ADJ	adj.comp.	Case=Dat|Degree=Cmp|Gender=Fem|Number=Sing
boljšim	boljši	ADJ	adj.comp.	Case=Ins|Degree=Cmp|Gender=Masc|Number=Sing
boljšim	boljši	ADJ	adj.comp.	Case=Ins|Degree=Cmp|Gender=Neut|Number=Sing
boljšejų	boljši	ADJ	adj.comp.	Case=Ins|Degree=Cmp|Gender=Fem|Number=Sing
boljši	boljši	ADJ	adj.comp.	Animacy=Anim|Case=Nom|Degree=Cmp|Gender=Masc|Number=Plur
boljše	boljši	ADJ	adj.comp.	Animacy=Inan|Case=Nom|Degree=Cmp|Gender=Masc|Number=Plur
boljše	boljši	ADJ	adj.comp.	Case=Nom|Degree=Cmp|Gender=Neut|Number=Plur
boljše	boljši	ADJ	adj.comp.	Case=Nom|Degree=Cmp|Gender=Fem|Number=Plur
boljših	boljši	ADJ	adj.comp.	Animacy=Anim|Case=Acc|Degree=Cmp|Gender=Masc|Number=Plur
boljše	boljši	ADJ	adj.comp.	Animacy=Inan|Case=Acc|Degree=Cmp|Gender=Masc|Number=Plur
boljše	boljši	ADJ	adj.comp.	Case=Acc|Degree=Cmp|Gender=Neut|Number=Plur
boljše	boljši	ADJ	adj.comp.	Case=Acc|Degree=Cmp|Gender=Fem|Number=Plur
boljših	boljši	ADJ	adj.comp.	Case=Gen|Degree=Cmp|Number=Plur
boljših	boljši	ADJ	adj.comp.	Case=Loc|Degree=Cmp|Number=Plur
boljšim	boljši	ADJ	adj.comp.	Case=Dat|Degree=Cmp|Number=Plur
boljšimi	boljši	ADJ	adj.comp.	Case=Ins|Degree=Cmp|Number=Plur"
`;

exports[`conllufy - adjectives 35661 1`] = `
"najboljši	najboljši	ADJ	adj.sup.	Case=Nom|Degree=Sup|Gender=Masc|Number=Sing
najboljše	najboljši	ADJ	adj.sup.	Case=Nom|Degree=Sup|Gender=Neut|Number=Sing
najboljša	najboljši	ADJ	adj.sup.	Case=Nom|Degree=Sup|Gender=Fem|Number=Sing
najboljšego	najboljši	ADJ	adj.sup.	Animacy=Anim|Case=Acc|Degree=Sup|Gender=Masc|Number=Sing
najboljši	najboljši	ADJ	adj.sup.	Animacy=Inan|Case=Acc|Degree=Sup|Gender=Masc|Number=Sing
najboljše	najboljši	ADJ	adj.sup.	Case=Acc|Degree=Sup|Gender=Neut|Number=Sing
najboljšų	najboljši	ADJ	adj.sup.	Case=Acc|Degree=Sup|Gender=Fem|Number=Sing
najboljšego	najboljši	ADJ	adj.sup.	Case=Gen|Degree=Sup|Gender=Masc|Number=Sing
najboljšego	najboljši	ADJ	adj.sup.	Case=Gen|Degree=Sup|Gender=Neut|Number=Sing
najboljšej	najboljši	ADJ	adj.sup.	Case=Gen|Degree=Sup|Gender=Fem|Number=Sing
najboljšem	najboljši	ADJ	adj.sup.	Case=Loc|Degree=Sup|Gender=Masc|Number=Sing
najboljšem	najboljši	ADJ	adj.sup.	Case=Loc|Degree=Sup|Gender=Neut|Number=Sing
najboljšej	najboljši	ADJ	adj.sup.	Case=Loc|Degree=Sup|Gender=Fem|Number=Sing
najboljšemu	najboljši	ADJ	adj.sup.	Case=Dat|Degree=Sup|Gender=Masc|Number=Sing
najboljšemu	najboljši	ADJ	adj.sup.	Case=Dat|Degree=Sup|Gender=Neut|Number=Sing
najboljšej	najboljši	ADJ	adj.sup.	Case=Dat|Degree=Sup|Gender=Fem|Number=Sing
najboljšim	najboljši	ADJ	adj.sup.	Case=Ins|Degree=Sup|Gender=Masc|Number=Sing
najboljšim	najboljši	ADJ	adj.sup.	Case=Ins|Degree=Sup|Gender=Neut|Number=Sing
najboljšejų	najboljši	ADJ	adj.sup.	Case=Ins|Degree=Sup|Gender=Fem|Number=Sing
najboljši	najboljši	ADJ	adj.sup.	Animacy=Anim|Case=Nom|Degree=Sup|Gender=Masc|Number=Plur
najboljše	najboljši	ADJ	adj.sup.	Animacy=Inan|Case=Nom|Degree=Sup|Gender=Masc|Number=Plur
najboljše	najboljši	ADJ	adj.sup.	Case=Nom|Degree=Sup|Gender=Neut|Number=Plur
najboljše	najboljši	ADJ	adj.sup.	Case=Nom|Degree=Sup|Gender=Fem|Number=Plur
najboljših	najboljši	ADJ	adj.sup.	Animacy=Anim|Case=Acc|Degree=Sup|Gender=Masc|Number=Plur
najboljše	najboljši	ADJ	adj.sup.	Animacy=Inan|Case=Acc|Degree=Sup|Gender=Masc|Number=Plur
najboljše	najboljši	ADJ	adj.sup.	Case=Acc|Degree=Sup|Gender=Neut|Number=Plur
najboljše	najboljši	ADJ	adj.sup.	Case=Acc|Degree=Sup|Gender=Fem|Number=Plur
najboljših	najboljši	ADJ	adj.sup.	Case=Gen|Degree=Sup|Number=Plur
najboljših	najboljši	ADJ	adj.sup.	Case=Loc|Degree=Sup|Number=Plur
najboljšim	najboljši	ADJ	adj.sup.	Case=Dat|Degree=Sup|Number=Plur
najboljšimi	najboljši	ADJ	adj.sup.	Case=Ins|Degree=Sup|Number=Plur"
`;

exports[`conllufy - adjectives 36565 1`] = `
"abhazsky	abhazsky	ADJ	adj.	Case=Nom|Degree=Pos|Gender=Masc|Number=Sing
abhazsko	abhazsky	ADJ	adj.	Case=Nom|Degree=Pos|Gender=Neut|Number=Sing
abhazska	abhazsky	ADJ	adj.	Case=Nom|Degree=Pos|Gender=Fem|Number=Sing
abhazskogo	abhazsky	ADJ	adj.	Animacy=Anim|Case=Acc|Degree=Pos|Gender=Masc|Number=Sing
abhazsky	abhazsky	ADJ	adj.	Animacy=Inan|Case=Acc|Degree=Pos|Gender=Masc|Number=Sing
abhazsko	abhazsky	ADJ	adj.	Case=Acc|Degree=Pos|Gender=Neut|Number=Sing
abhazskų	abhazsky	ADJ	adj.	Case=Acc|Degree=Pos|Gender=Fem|Number=Sing
abhazskogo	abhazsky	ADJ	adj.	Case=Gen|Degree=Pos|Gender=Masc|Number=Sing
abhazskogo	abhazsky	ADJ	adj.	Case=Gen|Degree=Pos|Gender=Neut|Number=Sing
abhazskoj	abhazsky	ADJ	adj.	Case=Gen|Degree=Pos|Gender=Fem|Number=Sing
abhazskom	abhazsky	ADJ	adj.	Case=Loc|Degree=Pos|Gender=Masc|Number=Sing
abhazskom	abhazsky	ADJ	adj.	Case=Loc|Degree=Pos|Gender=Neut|Number=Sing
abhazskoj	abhazsky	ADJ	adj.	Case=Loc|Degree=Pos|Gender=Fem|Number=Sing
abhazskomu	abhazsky	ADJ	adj.	Case=Dat|Degree=Pos|Gender=Masc|Number=Sing
abhazskomu	abhazsky	ADJ	adj.	Case=Dat|Degree=Pos|Gender=Neut|Number=Sing
abhazskoj	abhazsky	ADJ	adj.	Case=Dat|Degree=Pos|Gender=Fem|Number=Sing
abhazskym	abhazsky	ADJ	adj.	Case=Ins|Degree=Pos|Gender=Masc|Number=Sing
abhazskym	abhazsky	ADJ	adj.	Case=Ins|Degree=Pos|Gender=Neut|Number=Sing
abhazskojų	abhazsky	ADJ	adj.	Case=Ins|Degree=Pos|Gender=Fem|Number=Sing
abhazski	abhazsky	ADJ	adj.	Animacy=Anim|Case=Nom|Degree=Pos|Gender=Masc|Number=Plur
abhazske	abhazsky	ADJ	adj.	Animacy=Inan|Case=Nom|Degree=Pos|Gender=Masc|Number=Plur
abhazske	abhazsky	ADJ	adj.	Case=Nom|Degree=Pos|Gender=Neut|Number=Plur
abhazske	abhazsky	ADJ	adj.	Case=Nom|Degree=Pos|Gender=Fem|Number=Plur
abhazskyh	abhazsky	ADJ	adj.	Animacy=Anim|Case=Acc|Degree=Pos|Gender=Masc|Number=Plur
abhazske	abhazsky	ADJ	adj.	Animacy=Inan|Case=Acc|Degree=Pos|Gender=Masc|Number=Plur
abhazske	abhazsky	ADJ	adj.	Case=Acc|Degree=Pos|Gender=Neut|Number=Plur
abhazske	abhazsky	ADJ	adj.	Case=Acc|Degree=Pos|Gender=Fem|Number=Plur
abhazskyh	abhazsky	ADJ	adj.	Case=Gen|Degree=Pos|Number=Plur
abhazskyh	abhazsky	ADJ	adj.	Case=Loc|Degree=Pos|Number=Plur
abhazskym	abhazsky	ADJ	adj.	Case=Dat|Degree=Pos|Number=Plur
abhazskymi	abhazsky	ADJ	adj.	Case=Ins|Degree=Pos|Number=Plur"
`;
