// Jest Snapshot v1, https://goo.gl/fbAQLP

exports[`conllufy - pronouns (demonstrative) 1347 1`] = `
"sėj	sėj	DET	pron.dem.	Case=Nom|Gender=Masc|Number=Sing|PronType=Dem
se	sėj	DET	pron.dem.	Case=Nom|Gender=Neut|Number=Sing|PronType=Dem
śa	sėj	DET	pron.dem.	Case=Nom|Gender=Fem|Number=Sing|PronType=Dem
sego	sėj	DET	pron.dem.	Animacy=Anim|Case=Acc|Gender=Masc|Number=Sing|PronType=Dem
sėj	sėj	DET	pron.dem.	Animacy=Inan|Case=Acc|Gender=Masc|Number=Sing|PronType=Dem
se	sėj	DET	pron.dem.	Case=Acc|Gender=Neut|Number=Sing|PronType=Dem
śų	sėj	DET	pron.dem.	Case=Acc|Gender=Fem|Number=Sing|PronType=Dem
sego	sėj	DET	pron.dem.	Case=Gen|Gender=Masc|Number=Sing|PronType=Dem
sego	sėj	DET	pron.dem.	Case=Gen|Gender=Neut|Number=Sing|PronType=Dem
sej	sėj	DET	pron.dem.	Case=Gen|Gender=Fem|Number=Sing|PronType=Dem
sem	sėj	DET	pron.dem.	Case=Loc|Gender=Masc|Number=Sing|PronType=Dem
sem	sėj	DET	pron.dem.	Case=Loc|Gender=Neut|Number=Sing|PronType=Dem
sej	sėj	DET	pron.dem.	Case=Loc|Gender=Fem|Number=Sing|PronType=Dem
semu	sėj	DET	pron.dem.	Case=Dat|Gender=Masc|Number=Sing|PronType=Dem
semu	sėj	DET	pron.dem.	Case=Dat|Gender=Neut|Number=Sing|PronType=Dem
sej	sėj	DET	pron.dem.	Case=Dat|Gender=Fem|Number=Sing|PronType=Dem
sim	sėj	DET	pron.dem.	Case=Ins|Gender=Masc|Number=Sing|PronType=Dem
sim	sėj	DET	pron.dem.	Case=Ins|Gender=Neut|Number=Sing|PronType=Dem
sejų	sėj	DET	pron.dem.	Case=Ins|Gender=Fem|Number=Sing|PronType=Dem
si	sėj	DET	pron.dem.	Animacy=Anim|Case=Nom|Gender=Masc|Number=Plur|PronType=Dem
se	sėj	DET	pron.dem.	Animacy=Inan|Case=Nom|Gender=Masc|Number=Plur|PronType=Dem
se	sėj	DET	pron.dem.	Case=Nom|Gender=Neut|Number=Plur|PronType=Dem
se	sėj	DET	pron.dem.	Case=Nom|Gender=Fem|Number=Plur|PronType=Dem
sih	sėj	DET	pron.dem.	Animacy=Anim|Case=Acc|Gender=Masc|Number=Plur|PronType=Dem
se	sėj	DET	pron.dem.	Animacy=Inan|Case=Acc|Gender=Masc|Number=Plur|PronType=Dem
se	sėj	DET	pron.dem.	Case=Acc|Gender=Neut|Number=Plur|PronType=Dem
se	sėj	DET	pron.dem.	Case=Acc|Gender=Fem|Number=Plur|PronType=Dem
sih	sėj	DET	pron.dem.	Case=Gen|Number=Plur|PronType=Dem
sih	sėj	DET	pron.dem.	Case=Loc|Number=Plur|PronType=Dem
sim	sėj	DET	pron.dem.	Case=Dat|Number=Plur|PronType=Dem
simi	sėj	DET	pron.dem.	Case=Ins|Number=Plur|PronType=Dem"
`;

exports[`conllufy - pronouns (demonstrative) 1534 1`] = `
"tutȯj	tutȯj	DET	pron.dem.	Case=Nom|Gender=Masc|Number=Sing|PronType=Dem
tuto	tutȯj	DET	pron.dem.	Case=Nom|Gender=Neut|Number=Sing|PronType=Dem
tuta	tutȯj	DET	pron.dem.	Case=Nom|Gender=Fem|Number=Sing|PronType=Dem
tutogo	tutȯj	DET	pron.dem.	Animacy=Anim|Case=Acc|Gender=Masc|Number=Sing|PronType=Dem
tutȯj	tutȯj	DET	pron.dem.	Animacy=Inan|Case=Acc|Gender=Masc|Number=Sing|PronType=Dem
tuto	tutȯj	DET	pron.dem.	Case=Acc|Gender=Neut|Number=Sing|PronType=Dem
tutų	tutȯj	DET	pron.dem.	Case=Acc|Gender=Fem|Number=Sing|PronType=Dem
tutogo	tutȯj	DET	pron.dem.	Case=Gen|Gender=Masc|Number=Sing|PronType=Dem
tutogo	tutȯj	DET	pron.dem.	Case=Gen|Gender=Neut|Number=Sing|PronType=Dem
tutoj	tutȯj	DET	pron.dem.	Case=Gen|Gender=Fem|Number=Sing|PronType=Dem
tutom	tutȯj	DET	pron.dem.	Case=Loc|Gender=Masc|Number=Sing|PronType=Dem
tutom	tutȯj	DET	pron.dem.	Case=Loc|Gender=Neut|Number=Sing|PronType=Dem
tutoj	tutȯj	DET	pron.dem.	Case=Loc|Gender=Fem|Number=Sing|PronType=Dem
tutomu	tutȯj	DET	pron.dem.	Case=Dat|Gender=Masc|Number=Sing|PronType=Dem
tutomu	tutȯj	DET	pron.dem.	Case=Dat|Gender=Neut|Number=Sing|PronType=Dem
tutoj	tutȯj	DET	pron.dem.	Case=Dat|Gender=Fem|Number=Sing|PronType=Dem
tutym	tutȯj	DET	pron.dem.	Case=Ins|Gender=Masc|Number=Sing|PronType=Dem
tutym	tutȯj	DET	pron.dem.	Case=Ins|Gender=Neut|Number=Sing|PronType=Dem
tutojų	tutȯj	DET	pron.dem.	Case=Ins|Gender=Fem|Number=Sing|PronType=Dem
tuti	tutȯj	DET	pron.dem.	Animacy=Anim|Case=Nom|Gender=Masc|Number=Plur|PronType=Dem
tute	tutȯj	DET	pron.dem.	Animacy=Inan|Case=Nom|Gender=Masc|Number=Plur|PronType=Dem
tute	tutȯj	DET	pron.dem.	Case=Nom|Gender=Neut|Number=Plur|PronType=Dem
tute	tutȯj	DET	pron.dem.	Case=Nom|Gender=Fem|Number=Plur|PronType=Dem
tutyh	tutȯj	DET	pron.dem.	Animacy=Anim|Case=Acc|Gender=Masc|Number=Plur|PronType=Dem
tute	tutȯj	DET	pron.dem.	Animacy=Inan|Case=Acc|Gender=Masc|Number=Plur|PronType=Dem
tute	tutȯj	DET	pron.dem.	Case=Acc|Gender=Neut|Number=Plur|PronType=Dem
tute	tutȯj	DET	pron.dem.	Case=Acc|Gender=Fem|Number=Plur|PronType=Dem
tutyh	tutȯj	DET	pron.dem.	Case=Gen|Number=Plur|PronType=Dem
tutyh	tutȯj	DET	pron.dem.	Case=Loc|Number=Plur|PronType=Dem
tutym	tutȯj	DET	pron.dem.	Case=Dat|Number=Plur|PronType=Dem
tutymi	tutȯj	DET	pron.dem.	Case=Ins|Number=Plur|PronType=Dem"
`;

exports[`conllufy - pronouns (demonstrative) 2263 1`] = `
"tamtȯj	tamtȯj	DET	pron.dem.	Case=Nom|Gender=Masc|Number=Sing|PronType=Dem
tamto	tamtȯj	DET	pron.dem.	Case=Nom|Gender=Neut|Number=Sing|PronType=Dem
tamta	tamtȯj	DET	pron.dem.	Case=Nom|Gender=Fem|Number=Sing|PronType=Dem
tamtogo	tamtȯj	DET	pron.dem.	Animacy=Anim|Case=Acc|Gender=Masc|Number=Sing|PronType=Dem
tamtȯj	tamtȯj	DET	pron.dem.	Animacy=Inan|Case=Acc|Gender=Masc|Number=Sing|PronType=Dem
tamto	tamtȯj	DET	pron.dem.	Case=Acc|Gender=Neut|Number=Sing|PronType=Dem
tamtų	tamtȯj	DET	pron.dem.	Case=Acc|Gender=Fem|Number=Sing|PronType=Dem
tamtogo	tamtȯj	DET	pron.dem.	Case=Gen|Gender=Masc|Number=Sing|PronType=Dem
tamtogo	tamtȯj	DET	pron.dem.	Case=Gen|Gender=Neut|Number=Sing|PronType=Dem
tamtoj	tamtȯj	DET	pron.dem.	Case=Gen|Gender=Fem|Number=Sing|PronType=Dem
tamtom	tamtȯj	DET	pron.dem.	Case=Loc|Gender=Masc|Number=Sing|PronType=Dem
tamtom	tamtȯj	DET	pron.dem.	Case=Loc|Gender=Neut|Number=Sing|PronType=Dem
tamtoj	tamtȯj	DET	pron.dem.	Case=Loc|Gender=Fem|Number=Sing|PronType=Dem
tamtomu	tamtȯj	DET	pron.dem.	Case=Dat|Gender=Masc|Number=Sing|PronType=Dem
tamtomu	tamtȯj	DET	pron.dem.	Case=Dat|Gender=Neut|Number=Sing|PronType=Dem
tamtoj	tamtȯj	DET	pron.dem.	Case=Dat|Gender=Fem|Number=Sing|PronType=Dem
tamtym	tamtȯj	DET	pron.dem.	Case=Ins|Gender=Masc|Number=Sing|PronType=Dem
tamtym	tamtȯj	DET	pron.dem.	Case=Ins|Gender=Neut|Number=Sing|PronType=Dem
tamtojų	tamtȯj	DET	pron.dem.	Case=Ins|Gender=Fem|Number=Sing|PronType=Dem
tamti	tamtȯj	DET	pron.dem.	Animacy=Anim|Case=Nom|Gender=Masc|Number=Plur|PronType=Dem
tamte	tamtȯj	DET	pron.dem.	Animacy=Inan|Case=Nom|Gender=Masc|Number=Plur|PronType=Dem
tamte	tamtȯj	DET	pron.dem.	Case=Nom|Gender=Neut|Number=Plur|PronType=Dem
tamte	tamtȯj	DET	pron.dem.	Case=Nom|Gender=Fem|Number=Plur|PronType=Dem
tamtyh	tamtȯj	DET	pron.dem.	Animacy=Anim|Case=Acc|Gender=Masc|Number=Plur|PronType=Dem
tamte	tamtȯj	DET	pron.dem.	Animacy=Inan|Case=Acc|Gender=Masc|Number=Plur|PronType=Dem
tamte	tamtȯj	DET	pron.dem.	Case=Acc|Gender=Neut|Number=Plur|PronType=Dem
tamte	tamtȯj	DET	pron.dem.	Case=Acc|Gender=Fem|Number=Plur|PronType=Dem
tamtyh	tamtȯj	DET	pron.dem.	Case=Gen|Number=Plur|PronType=Dem
tamtyh	tamtȯj	DET	pron.dem.	Case=Loc|Number=Plur|PronType=Dem
tamtym	tamtȯj	DET	pron.dem.	Case=Dat|Number=Plur|PronType=Dem
tamtymi	tamtȯj	DET	pron.dem.	Case=Ins|Number=Plur|PronType=Dem"
`;

exports[`conllufy - pronouns (demonstrative) 2893 1`] = `
"tȯj	tȯj	DET	pron.dem.	Case=Nom|Gender=Masc|Number=Sing|PronType=Dem
to	tȯj	DET	pron.dem.	Case=Nom|Gender=Neut|Number=Sing|PronType=Dem
ta	tȯj	DET	pron.dem.	Case=Nom|Gender=Fem|Number=Sing|PronType=Dem
togo	tȯj	DET	pron.dem.	Animacy=Anim|Case=Acc|Gender=Masc|Number=Sing|PronType=Dem
tȯj	tȯj	DET	pron.dem.	Animacy=Inan|Case=Acc|Gender=Masc|Number=Sing|PronType=Dem
to	tȯj	DET	pron.dem.	Case=Acc|Gender=Neut|Number=Sing|PronType=Dem
tų	tȯj	DET	pron.dem.	Case=Acc|Gender=Fem|Number=Sing|PronType=Dem
togo	tȯj	DET	pron.dem.	Case=Gen|Gender=Masc|Number=Sing|PronType=Dem
togo	tȯj	DET	pron.dem.	Case=Gen|Gender=Neut|Number=Sing|PronType=Dem
toj	tȯj	DET	pron.dem.	Case=Gen|Gender=Fem|Number=Sing|PronType=Dem
tom	tȯj	DET	pron.dem.	Case=Loc|Gender=Masc|Number=Sing|PronType=Dem
tom	tȯj	DET	pron.dem.	Case=Loc|Gender=Neut|Number=Sing|PronType=Dem
toj	tȯj	DET	pron.dem.	Case=Loc|Gender=Fem|Number=Sing|PronType=Dem
tomu	tȯj	DET	pron.dem.	Case=Dat|Gender=Masc|Number=Sing|PronType=Dem
tomu	tȯj	DET	pron.dem.	Case=Dat|Gender=Neut|Number=Sing|PronType=Dem
toj	tȯj	DET	pron.dem.	Case=Dat|Gender=Fem|Number=Sing|PronType=Dem
tym	tȯj	DET	pron.dem.	Case=Ins|Gender=Masc|Number=Sing|PronType=Dem
tym	tȯj	DET	pron.dem.	Case=Ins|Gender=Neut|Number=Sing|PronType=Dem
tojų	tȯj	DET	pron.dem.	Case=Ins|Gender=Fem|Number=Sing|PronType=Dem
ti	tȯj	DET	pron.dem.	Animacy=Anim|Case=Nom|Gender=Masc|Number=Plur|PronType=Dem
te	tȯj	DET	pron.dem.	Animacy=Inan|Case=Nom|Gender=Masc|Number=Plur|PronType=Dem
te	tȯj	DET	pron.dem.	Case=Nom|Gender=Neut|Number=Plur|PronType=Dem
te	tȯj	DET	pron.dem.	Case=Nom|Gender=Fem|Number=Plur|PronType=Dem
tyh	tȯj	DET	pron.dem.	Animacy=Anim|Case=Acc|Gender=Masc|Number=Plur|PronType=Dem
te	tȯj	DET	pron.dem.	Animacy=Inan|Case=Acc|Gender=Masc|Number=Plur|PronType=Dem
te	tȯj	DET	pron.dem.	Case=Acc|Gender=Neut|Number=Plur|PronType=Dem
te	tȯj	DET	pron.dem.	Case=Acc|Gender=Fem|Number=Plur|PronType=Dem
tyh	tȯj	DET	pron.dem.	Case=Gen|Number=Plur|PronType=Dem
tyh	tȯj	DET	pron.dem.	Case=Loc|Number=Plur|PronType=Dem
tym	tȯj	DET	pron.dem.	Case=Dat|Number=Plur|PronType=Dem
tymi	tȯj	DET	pron.dem.	Case=Ins|Number=Plur|PronType=Dem"
`;

exports[`conllufy - pronouns (demonstrative) 10387 1`] = `
"ov	ov	DET	pron.dem.	Case=Nom|Gender=Masc|Number=Sing|PronType=Dem
ovo	ov	DET	pron.dem.	Case=Nom|Gender=Neut|Number=Sing|PronType=Dem
ova	ov	DET	pron.dem.	Case=Nom|Gender=Fem|Number=Sing|PronType=Dem
ovogo	ov	DET	pron.dem.	Animacy=Anim|Case=Acc|Gender=Masc|Number=Sing|PronType=Dem
ov	ov	DET	pron.dem.	Animacy=Inan|Case=Acc|Gender=Masc|Number=Sing|PronType=Dem
ovo	ov	DET	pron.dem.	Case=Acc|Gender=Neut|Number=Sing|PronType=Dem
ovų	ov	DET	pron.dem.	Case=Acc|Gender=Fem|Number=Sing|PronType=Dem
ovogo	ov	DET	pron.dem.	Case=Gen|Gender=Masc|Number=Sing|PronType=Dem
ovogo	ov	DET	pron.dem.	Case=Gen|Gender=Neut|Number=Sing|PronType=Dem
ovoj	ov	DET	pron.dem.	Case=Gen|Gender=Fem|Number=Sing|PronType=Dem
ovom	ov	DET	pron.dem.	Case=Loc|Gender=Masc|Number=Sing|PronType=Dem
ovom	ov	DET	pron.dem.	Case=Loc|Gender=Neut|Number=Sing|PronType=Dem
ovoj	ov	DET	pron.dem.	Case=Loc|Gender=Fem|Number=Sing|PronType=Dem
ovomu	ov	DET	pron.dem.	Case=Dat|Gender=Masc|Number=Sing|PronType=Dem
ovomu	ov	DET	pron.dem.	Case=Dat|Gender=Neut|Number=Sing|PronType=Dem
ovoj	ov	DET	pron.dem.	Case=Dat|Gender=Fem|Number=Sing|PronType=Dem
ovym	ov	DET	pron.dem.	Case=Ins|Gender=Masc|Number=Sing|PronType=Dem
ovym	ov	DET	pron.dem.	Case=Ins|Gender=Neut|Number=Sing|PronType=Dem
ovojų	ov	DET	pron.dem.	Case=Ins|Gender=Fem|Number=Sing|PronType=Dem
ovi	ov	DET	pron.dem.	Animacy=Anim|Case=Nom|Gender=Masc|Number=Plur|PronType=Dem
ove	ov	DET	pron.dem.	Animacy=Inan|Case=Nom|Gender=Masc|Number=Plur|PronType=Dem
ove	ov	DET	pron.dem.	Case=Nom|Gender=Neut|Number=Plur|PronType=Dem
ove	ov	DET	pron.dem.	Case=Nom|Gender=Fem|Number=Plur|PronType=Dem
ovyh	ov	DET	pron.dem.	Animacy=Anim|Case=Acc|Gender=Masc|Number=Plur|PronType=Dem
ove	ov	DET	pron.dem.	Animacy=Inan|Case=Acc|Gender=Masc|Number=Plur|PronType=Dem
ove	ov	DET	pron.dem.	Case=Acc|Gender=Neut|Number=Plur|PronType=Dem
ove	ov	DET	pron.dem.	Case=Acc|Gender=Fem|Number=Plur|PronType=Dem
ovyh	ov	DET	pron.dem.	Case=Gen|Number=Plur|PronType=Dem
ovyh	ov	DET	pron.dem.	Case=Loc|Number=Plur|PronType=Dem
ovym	ov	DET	pron.dem.	Case=Dat|Number=Plur|PronType=Dem
ovymi	ov	DET	pron.dem.	Case=Ins|Number=Plur|PronType=Dem"
`;

exports[`conllufy - pronouns (demonstrative) 19600 1`] = `
"onȯj	onȯj	DET	pron.dem.	Case=Nom|Gender=Masc|Number=Sing|PronType=Dem
ono	onȯj	DET	pron.dem.	Case=Nom|Gender=Neut|Number=Sing|PronType=Dem
ona	onȯj	DET	pron.dem.	Case=Nom|Gender=Fem|Number=Sing|PronType=Dem
onogo	onȯj	DET	pron.dem.	Animacy=Anim|Case=Acc|Gender=Masc|Number=Sing|PronType=Dem
onȯj	onȯj	DET	pron.dem.	Animacy=Inan|Case=Acc|Gender=Masc|Number=Sing|PronType=Dem
ono	onȯj	DET	pron.dem.	Case=Acc|Gender=Neut|Number=Sing|PronType=Dem
onų	onȯj	DET	pron.dem.	Case=Acc|Gender=Fem|Number=Sing|PronType=Dem
onogo	onȯj	DET	pron.dem.	Case=Gen|Gender=Masc|Number=Sing|PronType=Dem
onogo	onȯj	DET	pron.dem.	Case=Gen|Gender=Neut|Number=Sing|PronType=Dem
onoj	onȯj	DET	pron.dem.	Case=Gen|Gender=Fem|Number=Sing|PronType=Dem
onom	onȯj	DET	pron.dem.	Case=Loc|Gender=Masc|Number=Sing|PronType=Dem
onom	onȯj	DET	pron.dem.	Case=Loc|Gender=Neut|Number=Sing|PronType=Dem
onoj	onȯj	DET	pron.dem.	Case=Loc|Gender=Fem|Number=Sing|PronType=Dem
onomu	onȯj	DET	pron.dem.	Case=Dat|Gender=Masc|Number=Sing|PronType=Dem
onomu	onȯj	DET	pron.dem.	Case=Dat|Gender=Neut|Number=Sing|PronType=Dem
onoj	onȯj	DET	pron.dem.	Case=Dat|Gender=Fem|Number=Sing|PronType=Dem
onym	onȯj	DET	pron.dem.	Case=Ins|Gender=Masc|Number=Sing|PronType=Dem
onym	onȯj	DET	pron.dem.	Case=Ins|Gender=Neut|Number=Sing|PronType=Dem
onojų	onȯj	DET	pron.dem.	Case=Ins|Gender=Fem|Number=Sing|PronType=Dem
oni	onȯj	DET	pron.dem.	Animacy=Anim|Case=Nom|Gender=Masc|Number=Plur|PronType=Dem
one	onȯj	DET	pron.dem.	Animacy=Inan|Case=Nom|Gender=Masc|Number=Plur|PronType=Dem
one	onȯj	DET	pron.dem.	Case=Nom|Gender=Neut|Number=Plur|PronType=Dem
one	onȯj	DET	pron.dem.	Case=Nom|Gender=Fem|Number=Plur|PronType=Dem
onyh	onȯj	DET	pron.dem.	Animacy=Anim|Case=Acc|Gender=Masc|Number=Plur|PronType=Dem
one	onȯj	DET	pron.dem.	Animacy=Inan|Case=Acc|Gender=Masc|Number=Plur|PronType=Dem
one	onȯj	DET	pron.dem.	Case=Acc|Gender=Neut|Number=Plur|PronType=Dem
one	onȯj	DET	pron.dem.	Case=Acc|Gender=Fem|Number=Plur|PronType=Dem
onyh	onȯj	DET	pron.dem.	Case=Gen|Number=Plur|PronType=Dem
onyh	onȯj	DET	pron.dem.	Case=Loc|Number=Plur|PronType=Dem
onym	onȯj	DET	pron.dem.	Case=Dat|Number=Plur|PronType=Dem
onymi	onȯj	DET	pron.dem.	Case=Ins|Number=Plur|PronType=Dem"
`;

exports[`conllufy - pronouns (demonstrative) 20212 1`] = `
"tȯjže	tȯjže	DET	pron.dem.	Case=Nom|Gender=Masc|Number=Sing|PronType=Dem
tože	tȯjže	DET	pron.dem.	Case=Nom|Gender=Neut|Number=Sing|PronType=Dem
taže	tȯjže	DET	pron.dem.	Case=Nom|Gender=Fem|Number=Sing|PronType=Dem
togože	tȯjže	DET	pron.dem.	Animacy=Anim|Case=Acc|Gender=Masc|Number=Sing|PronType=Dem
tȯjže	tȯjže	DET	pron.dem.	Animacy=Inan|Case=Acc|Gender=Masc|Number=Sing|PronType=Dem
tože	tȯjže	DET	pron.dem.	Case=Acc|Gender=Neut|Number=Sing|PronType=Dem
tųže	tȯjže	DET	pron.dem.	Case=Acc|Gender=Fem|Number=Sing|PronType=Dem
togože	tȯjže	DET	pron.dem.	Case=Gen|Gender=Masc|Number=Sing|PronType=Dem
togože	tȯjže	DET	pron.dem.	Case=Gen|Gender=Neut|Number=Sing|PronType=Dem
tojže	tȯjže	DET	pron.dem.	Case=Gen|Gender=Fem|Number=Sing|PronType=Dem
tomže	tȯjže	DET	pron.dem.	Case=Loc|Gender=Masc|Number=Sing|PronType=Dem
tomže	tȯjže	DET	pron.dem.	Case=Loc|Gender=Neut|Number=Sing|PronType=Dem
tojže	tȯjže	DET	pron.dem.	Case=Loc|Gender=Fem|Number=Sing|PronType=Dem
tomuže	tȯjže	DET	pron.dem.	Case=Dat|Gender=Masc|Number=Sing|PronType=Dem
tomuže	tȯjže	DET	pron.dem.	Case=Dat|Gender=Neut|Number=Sing|PronType=Dem
tojže	tȯjže	DET	pron.dem.	Case=Dat|Gender=Fem|Number=Sing|PronType=Dem
tymže	tȯjže	DET	pron.dem.	Case=Ins|Gender=Masc|Number=Sing|PronType=Dem
tymže	tȯjže	DET	pron.dem.	Case=Ins|Gender=Neut|Number=Sing|PronType=Dem
tojųže	tȯjže	DET	pron.dem.	Case=Ins|Gender=Fem|Number=Sing|PronType=Dem
tiže	tȯjže	DET	pron.dem.	Animacy=Anim|Case=Nom|Gender=Masc|Number=Plur|PronType=Dem
teže	tȯjže	DET	pron.dem.	Animacy=Inan|Case=Nom|Gender=Masc|Number=Plur|PronType=Dem
teže	tȯjže	DET	pron.dem.	Case=Nom|Gender=Neut|Number=Plur|PronType=Dem
teže	tȯjže	DET	pron.dem.	Case=Nom|Gender=Fem|Number=Plur|PronType=Dem
tyhže	tȯjže	DET	pron.dem.	Animacy=Anim|Case=Acc|Gender=Masc|Number=Plur|PronType=Dem
teže	tȯjže	DET	pron.dem.	Animacy=Inan|Case=Acc|Gender=Masc|Number=Plur|PronType=Dem
teže	tȯjže	DET	pron.dem.	Case=Acc|Gender=Neut|Number=Plur|PronType=Dem
teže	tȯjže	DET	pron.dem.	Case=Acc|Gender=Fem|Number=Plur|PronType=Dem
tyhže	tȯjže	DET	pron.dem.	Case=Gen|Number=Plur|PronType=Dem
tyhže	tȯjže	DET	pron.dem.	Case=Loc|Number=Plur|PronType=Dem
tymže	tȯjže	DET	pron.dem.	Case=Dat|Number=Plur|PronType=Dem
tymiže	tȯjže	DET	pron.dem.	Case=Ins|Number=Plur|PronType=Dem"
`;
