// Jest Snapshot v1, https://goo.gl/fbAQLP

exports[`Latn → Glag sanity check (1) 1`] = `
"Ⱀⰰ ⰲⱏⰸⰲⱏⰹⱎⰵⱀⱁⱄⱅⰻ ⱁⰲⱌⰰ· ⰽⱅⱁⱃⰰ ⱀⰵ ⰻⰿⱑⰾⰰ ⰲⱏⰾⱀⱘ· ⱆⰲⰻⰴⱑⰾⰰ ⰽⱁⱀⱐⰵⰲ։ Ⱂⱐⱃⰲⱏⰹ ⱅⱔⰳⰰⰾ ⱅⱔⰶⰽⱏⰹ ⰲⱁⰸ· ⰲⱅⱁⱃⱏⰹ ⱀⱁⱄⰻⰾ ⰲⰵⰾⰻⰽⱁ ⰱⱃⱑⰿⱔ· ⱅⱃⰵⱅⰺⰻ ⰱⱏⱃⰸⱁ ⰲⱁⰸⰻⰾ ⰿⱘⰶⰰ։
Ⱁⰲⱌⰰ ⱃⱑⰽⰾⰰ ⰽⱁⱀⱐⰰⰿ⸬ ⸪Ⰱⱁⰾⰻ ⰿⱀⱑ ⱄⱐⱃⰴⱌⰵ· ⰽⱏⰳⰴⰰ ⰲⰻⰼⱘ· ⰽⰰⰽⱁ ⱍⰾⱁⰲⱑⰽ ⰲⰾⰰⰴⰰⰹⰵ ⰽⱁⱀⱐⰰⰿⰻ։⸪
Ⰽⱁⱀⱐⰻ ⱃⱑⰽⰾⰻ⸬ ⸪Ⱄⰾⱆⱎⰰⰹ· ⱁⰲⱌⱁ· ⱀⰰⰿ ⰱⱁⰾⰻ ⱄⱐⱃⰴⱌⰵ· ⰽⱏⰳⰴⰰ ⰲⰻⰴⰻⰿⱁ ⱁⰲⱁ⸬ ⰿⱘⰶ· ⰳⱁⱄⱂⱁⰴⰰⱃⱐ· ⰱⰵⱃⰵ ⱅⰲⱁⱙ ⰲⱏⰾⱀⱘ· ⰴⰰ ⰱⱏⰹ ⰻⰿⱑⰾ ⰴⰾⱐⰰ ⱄⰵⰱⰵ ⱅⰵⱂⰾⱁ ⱂⰰⰾⱐⱅⱁ։ Ⰰ ⱁⰲⱌⰰ ⰹⰵⱄⱅ ⰱⰵⰸ ⰲⱏⰾⱀⱏⰹ։⸪
Ⱆⱄⰾⱏⰹⱎⰰⰲⱎⰻ ⱅⱁ· ⱁⰲⱌⰰ ⰻⰸⰱⱑⰳⰾⰰ ⰲ ⱃⱉⰲⱀⰻⱀⱘ։ | Ⱁⱇⰻⱌⰻⰰⰾⱀⱏⰹ ⱀⱁⱋⱀⱏⰹ ⱁⰴⰹⰵⰸⰴ ⰴⱁ Ⰽⱏⰹⰺⰵⰲⰰ։ Ⱅⱐⰿⰰ· ⰻ ⰽⱁⱃⰵⱀⱐⰵ ⱃⰵⰲⰵⱀⱐⰰ ⱂⱁⱍⱔⰾⰻ ⱃⱉⱄⱅⰵⱀⱐⰺⰵ· ⰰ ⱄⰾⱆⰳⰻ ⱂⱁⰲⱑⰴⱑⰾⰻ ⰽⱃⱉⰾⱐⱆ ⱁ ⰲⰵⱄⰵⰾⱐⱓ։ "
`;

exports[`Latn → Glag sanity check (2) 1`] = `
"Ⱀⰰ ⰲⱏⰸⰲⱏⰹⱎⰵⱀⱁⱄⱅⰻ ⱁⰲⱌⰰ· ⰽⱅⱁⱃⰰ ⱀⰵ ⰻⱞⱑⰾⰰ ⰲⱏⰾⱀⱘ· ⱆⰲⰻⰴⱑⰾⰰ ⰽⱁⱀⱐⰵⰲ։ Ⱂⱐⱃⰲⱏⰹ ⱅⱔⰳⰰⰾ ⱅⱔⰶⰽⱏⰹ ⰲⱁⰸ· ⰲⱅⱁⱃⱏⰹ ⱀⱁⱄⰻⰾ ⰲⰵⰾⰻⰽⱁ ⰱⱃⱑⱞⱔ· ⱅⱃⰵⱅⰺⰻ ⰱⱏⱃⰸⱁ ⰲⱁⰸⰻⰾ ⱞⱘⰶⰰ։
Ⱁⰲⱌⰰ ⱃⱑⰽⰾⰰ ⰽⱁⱀⱐⰰⱞ⸬ ⸪Ⰱⱁⰾⰻ ⱞⱀⱑ ⱄⱐⱃⰴⱌⰵ· ⰽⱏⰳⰴⰰ ⰲⰻⰼⱘ· ⰽⰰⰽⱁ ⱍⰾⱁⰲⱑⰽ ⰲⰾⰰⰴⰰⰹⰵ ⰽⱁⱀⱐⰰⱞⰻ։⸪
Ⰽⱁⱀⱐⰻ ⱃⱑⰽⰾⰻ⸬ ⸪Ⱄⰾⱆⱎⰰⰹ· ⱁⰲⱌⱁ· ⱀⰰⱞ ⰱⱁⰾⰻ ⱄⱐⱃⰴⱌⰵ· ⰽⱏⰳⰴⰰ ⰲⰻⰴⰻⱞⱁ ⱁⰲⱁ⸬ ⱞⱘⰶ· ⰳⱁⱄⱂⱁⰴⰰⱃⱐ· ⰱⰵⱃⰵ ⱅⰲⱁⱙ ⰲⱏⰾⱀⱘ· ⰴⰰ ⰱⱏⰹ ⰻⱞⱑⰾ ⰴⰾⱐⰰ ⱄⰵⰱⰵ ⱅⰵⱂⰾⱁ ⱂⰰⰾⱐⱅⱁ։ Ⰰ ⱁⰲⱌⰰ ⰹⰵⱄⱅ ⰱⰵⰸ ⰲⱏⰾⱀⱏⰹ։⸪
Ⱆⱄⰾⱏⰹⱎⰰⰲⱎⰻ ⱅⱁ· ⱁⰲⱌⰰ ⰻⰸⰱⱑⰳⰾⰰ ⰲ ⱃⱉⰲⱀⰻⱀⱘ։ | Ⱁⱇⰻⱌⰻⰰⰾⱀⱏⰹ ⱀⱁⱍⱐⱀⱏⰹ ⱁⰴⰹⰵⰸⰴ ⰴⱁ Ⰽⱏⰹⰺⰵⰲⰰ։ Ⱅⱐⱞⰰ· ⰻ ⰽⱁⱃⰵⱀⱐⰵ ⱃⰵⰲⰵⱀⱐⰰ ⱂⱁⱍⱔⰾⰻ ⱃⱉⱄⱅⰵⱀⱐⰺⰵ· ⰰ ⱄⰾⱆⰳⰻ ⱂⱁⰲⱑⰴⱑⰾⰻ ⰽⱃⱉⰾⱐⱆ ⱁ ⰲⰵⱄⰵⰾⱐⱓ։ "
`;
