// Jest Snapshot v1, https://goo.gl/fbAQLP

exports[`Latn → Glag sanity check 1`] = `
"Na vȯzvyšenosti ovca, ktora ne iměla vȯlnų, uviděla konjev. Pŕvy tęgal tęžky voz, vtory nosil veliko brěmę, tretji brzo vozil mųža.
Ovca rěkla konjam: «Boli mně sŕdce, kȯgda viđų, kako člověk vladaje konjami.»
Konji rěkli: «Slušaj, ovco, nam boli sŕdce, kȯgda vidimo ovo: mųž, gospodaŕ, bere tvojų vȯlnų, da by iměl dlja sebe teplo paĺto. A ovca jest bez vȯlny.»
Uslyšavši to, ovca izběgla v råvninų. | Odjezd. T́ma, i korenje revenja počęli råsteńje, a slugi pověděli krålju o veseĺju."
`;
